<testsuite errors="0" failures="0" name="Django Project Tests" skips="0" tests="7" time="0.011"><testcase classname="app_pet_care.tests.test_urls.TestUrls" name="test_calendar_is_resolved" time="0.006801" /><testcase classname="app_pet_care.tests.test_urls.TestUrls" name="test_cliente_is_resolved" time="0.000000" /><testcase classname="app_pet_care.tests.test_urls.TestUrls" name="test_index_cliente_is_resolved" time="0.000974" /><testcase classname="app_pet_care.tests.test_urls.TestUrls" name="test_new_event_is_resolved" time="0.000976" /><testcase classname="app_pet_care.tests.test_urls.TestUrls" name="test_veterinarian_home_is_resolved" time="0.000000" /><testcase classname="app_pet_care.tests.test_urls.TestUrls" name="test_veterinarian_is_resolved" time="0.000000" /><testcase classname="app_pet_care.tests.test_urls.TestUrls" name="test_veterinarian_profile_is_resolved" time="0.000000" /></testsuite>